// Vitest Snapshot v1, https://vitest.dev/guide/snapshot.html

exports[`inspectPayload E2E Tests > Account addition scenarios > should generate addAccounts updates when new accounts are added to existing chains 1`] = `
"
        // ---------- Bug Bounty Updates ----------
        bytes[] memory calldatas = new bytes[](2);

        // Add accounts to eip155:1 chain: 0xA3
        calldatas[0] = hex'46c2b7340000000000000000000000000000000000000000000000000000000000000040000000000000000000000000000000000000000000000000000000000000008000000000000000000000000000000000000000000000000000000000000000086569703135353a31000000000000000000000000000000000000000000000000000000000000000000000000000000000000000000000000000000000000000100000000000000000000000000000000000000000000000000000000000000200000000000000000000000000000000000000000000000000000000000000040000000000000000000000000000000000000000000000000000000000000000000000000000000000000000000000000000000000000000000000000000000043078413300000000000000000000000000000000000000000000000000000000';

        // Add accounts to eip155:100 chain: 0xB2
        calldatas[1] = hex'46c2b73400000000000000000000000000000000000000000000000000000000000000400000000000000000000000000000000000000000000000000000000000000080000000000000000000000000000000000000000000000000000000000000000a6569703135353a31303000000000000000000000000000000000000000000000000000000000000000000000000000000000000000000000000000000000000100000000000000000000000000000000000000000000000000000000000000200000000000000000000000000000000000000000000000000000000000000040000000000000000000000000000000000000000000000000000000000000000200000000000000000000000000000000000000000000000000000000000000043078423200000000000000000000000000000000000000000000000000000000';

        _updateSafeHarbor(calldatas);"
`;

exports[`inspectPayload E2E Tests > Account addition scenarios > should generate addAccounts updates when new accounts are added to existing chains 2`] = `
"
        // ---------- Bug Bounty Updates ----------
        bytes[] memory calldatas = new bytes[](2);

        // Add accounts to eip155:1 chain: 0xA3
        calldatas[0] = hex'46c2b7340000000000000000000000000000000000000000000000000000000000000040000000000000000000000000000000000000000000000000000000000000008000000000000000000000000000000000000000000000000000000000000000086569703135353a31000000000000000000000000000000000000000000000000000000000000000000000000000000000000000000000000000000000000000100000000000000000000000000000000000000000000000000000000000000200000000000000000000000000000000000000000000000000000000000000040000000000000000000000000000000000000000000000000000000000000000000000000000000000000000000000000000000000000000000000000000000043078413300000000000000000000000000000000000000000000000000000000';

        // Add accounts to eip155:100 chain: 0xB2
        calldatas[1] = hex'46c2b73400000000000000000000000000000000000000000000000000000000000000400000000000000000000000000000000000000000000000000000000000000080000000000000000000000000000000000000000000000000000000000000000a6569703135353a31303000000000000000000000000000000000000000000000000000000000000000000000000000000000000000000000000000000000000100000000000000000000000000000000000000000000000000000000000000200000000000000000000000000000000000000000000000000000000000000040000000000000000000000000000000000000000000000000000000000000000200000000000000000000000000000000000000000000000000000000000000043078423200000000000000000000000000000000000000000000000000000000';

        _updateSafeHarbor(calldatas);"
`;

exports[`inspectPayload E2E Tests > Account removal scenarios > should generate removeAccounts updates when accounts are removed 1`] = `
"
        // ---------- Bug Bounty Updates ----------
        bytes[] memory calldatas = new bytes[](3);

        // Remove accounts from eip155:1 chain: 0xA2
        calldatas[0] = hex'3aa3f6750000000000000000000000000000000000000000000000000000000000000040000000000000000000000000000000000000000000000000000000000000008000000000000000000000000000000000000000000000000000000000000000086569703135353a310000000000000000000000000000000000000000000000000000000000000000000000000000000000000000000000000000000000000001000000000000000000000000000000000000000000000000000000000000002000000000000000000000000000000000000000000000000000000000000000043078413200000000000000000000000000000000000000000000000000000000';

        // Remove accounts from eip155:100 chain: 0xB1
        calldatas[1] = hex'3aa3f67500000000000000000000000000000000000000000000000000000000000000400000000000000000000000000000000000000000000000000000000000000080000000000000000000000000000000000000000000000000000000000000000a6569703135353a313030000000000000000000000000000000000000000000000000000000000000000000000000000000000000000000000000000000000001000000000000000000000000000000000000000000000000000000000000002000000000000000000000000000000000000000000000000000000000000000043078423100000000000000000000000000000000000000000000000000000000';

        // Remove accounts from eip155:42161 chain: 0xC1
        calldatas[2] = hex'3aa3f67500000000000000000000000000000000000000000000000000000000000000400000000000000000000000000000000000000000000000000000000000000080000000000000000000000000000000000000000000000000000000000000000c6569703135353a343231363100000000000000000000000000000000000000000000000000000000000000000000000000000000000000000000000000000001000000000000000000000000000000000000000000000000000000000000002000000000000000000000000000000000000000000000000000000000000000043078433100000000000000000000000000000000000000000000000000000000';

        _updateSafeHarbor(calldatas);"
`;

exports[`inspectPayload E2E Tests > Chain addition scenarios > should generate addChains updates when new chains are introduced 1`] = `
"
        // ---------- Bug Bounty Updates ----------
        bytes[] memory calldatas = new bytes[](1);

        // Add new eip155:10 with recovery address 0xOPTIMISM_RECOVERY_ADDRESS and accounts: 0xD1, 0xD2; Add new eip155:137 with recovery address 0xPOLYGON_RECOVERY_ADDRESS and accounts: 0xE1
        calldatas[0] = hex'be4a94ba0000000000000000000000000000000000000000000000000000000000000020000000000000000000000000000000000000000000000000000000000000000200000000000000000000000000000000000000000000000000000000000000400000000000000000000000000000000000000000000000000000000000000280000000000000000000000000000000000000000000000000000000000000006000000000000000000000000000000000000000000000000000000000000000a00000000000000000000000000000000000000000000000000000000000000200000000000000000000000000000000000000000000000000000000000000001b30784f5054494d49534d5f5245434f564552595f4144445245535300000000000000000000000000000000000000000000000000000000000000000000000002000000000000000000000000000000000000000000000000000000000000004000000000000000000000000000000000000000000000000000000000000000c00000000000000000000000000000000000000000000000000000000000000040000000000000000000000000000000000000000000000000000000000000000000000000000000000000000000000000000000000000000000000000000000043078443100000000000000000000000000000000000000000000000000000000000000000000000000000000000000000000000000000000000000000000004000000000000000000000000000000000000000000000000000000000000000020000000000000000000000000000000000000000000000000000000000000004307844320000000000000000000000000000000000000000000000000000000000000000000000000000000000000000000000000000000000000000000000096569703135353a31300000000000000000000000000000000000000000000000000000000000000000000000000000000000000000000000000000000000006000000000000000000000000000000000000000000000000000000000000000a00000000000000000000000000000000000000000000000000000000000000160000000000000000000000000000000000000000000000000000000000000001a3078504f4c59474f4e5f5245434f564552595f41444452455353000000000000000000000000000000000000000000000000000000000000000000000000000100000000000000000000000000000000000000000000000000000000000000200000000000000000000000000000000000000000000000000000000000000040000000000000000000000000000000000000000000000000000000000000000000000000000000000000000000000000000000000000000000000000000000043078453100000000000000000000000000000000000000000000000000000000000000000000000000000000000000000000000000000000000000000000000a6569703135353a31333700000000000000000000000000000000000000000000';

        _updateSafeHarbor(calldatas);"
`;

exports[`inspectPayload E2E Tests > Chain addition scenarios > should generate addChains with empty accounts for new empty chains 1`] = `
"
        // ---------- Bug Bounty Updates ----------
        bytes[] memory calldatas = new bytes[](1);

        // Add new eip155:10 with recovery address 0xOPTIMISM_RECOVERY_ADDRESS and no accounts
        calldatas[0] = hex'be4a94ba000000000000000000000000000000000000000000000000000000000000002000000000000000000000000000000000000000000000000000000000000000010000000000000000000000000000000000000000000000000000000000000020000000000000000000000000000000000000000000000000000000000000006000000000000000000000000000000000000000000000000000000000000000a000000000000000000000000000000000000000000000000000000000000000c0000000000000000000000000000000000000000000000000000000000000001b30784f5054494d49534d5f5245434f564552595f414444524553530000000000000000000000000000000000000000000000000000000000000000000000000000000000000000000000000000000000000000000000000000000000000000096569703135353a31300000000000000000000000000000000000000000000000';

        _updateSafeHarbor(calldatas);"
`;

exports[`inspectPayload E2E Tests > Chain removal scenarios > should generate removeChains updates when chains are removed 1`] = `
"
        // ---------- Bug Bounty Updates ----------
        bytes[] memory calldatas = new bytes[](1);

        // Remove chains: eip155:100, eip155:42161
        calldatas[0] = hex'1e12ef290000000000000000000000000000000000000000000000000000000000000020000000000000000000000000000000000000000000000000000000000000000200000000000000000000000000000000000000000000000000000000000000400000000000000000000000000000000000000000000000000000000000000080000000000000000000000000000000000000000000000000000000000000000a6569703135353a31303000000000000000000000000000000000000000000000000000000000000000000000000000000000000000000000000000000000000c6569703135353a34323136310000000000000000000000000000000000000000';

        _updateSafeHarbor(calldatas);"
`;

exports[`inspectPayload E2E Tests > Complex mixed scenarios > should handle simultaneous chain additions, removals, and account changes 1`] = `
"
        // ---------- Bug Bounty Updates ----------
        bytes[] memory calldatas = new bytes[](5);

        // Remove chains: eip155:100
        calldatas[0] = hex'1e12ef29000000000000000000000000000000000000000000000000000000000000002000000000000000000000000000000000000000000000000000000000000000010000000000000000000000000000000000000000000000000000000000000020000000000000000000000000000000000000000000000000000000000000000a6569703135353a31303000000000000000000000000000000000000000000000';

        // Add new eip155:10 with recovery address 0xOPTIMISM_RECOVERY_ADDRESS and accounts: 0xD1
        calldatas[1] = hex'be4a94ba000000000000000000000000000000000000000000000000000000000000002000000000000000000000000000000000000000000000000000000000000000010000000000000000000000000000000000000000000000000000000000000020000000000000000000000000000000000000000000000000000000000000006000000000000000000000000000000000000000000000000000000000000000a00000000000000000000000000000000000000000000000000000000000000160000000000000000000000000000000000000000000000000000000000000001b30784f5054494d49534d5f5245434f564552595f41444452455353000000000000000000000000000000000000000000000000000000000000000000000000010000000000000000000000000000000000000000000000000000000000000020000000000000000000000000000000000000000000000000000000000000004000000000000000000000000000000000000000000000000000000000000000000000000000000000000000000000000000000000000000000000000000000004307844310000000000000000000000000000000000000000000000000000000000000000000000000000000000000000000000000000000000000000000000096569703135353a31300000000000000000000000000000000000000000000000';

        // Remove accounts from eip155:1 chain: 0xA2
        calldatas[2] = hex'3aa3f6750000000000000000000000000000000000000000000000000000000000000040000000000000000000000000000000000000000000000000000000000000008000000000000000000000000000000000000000000000000000000000000000086569703135353a310000000000000000000000000000000000000000000000000000000000000000000000000000000000000000000000000000000000000001000000000000000000000000000000000000000000000000000000000000002000000000000000000000000000000000000000000000000000000000000000043078413200000000000000000000000000000000000000000000000000000000';

        // Add accounts to eip155:1 chain: 0xA3
        calldatas[3] = hex'46c2b7340000000000000000000000000000000000000000000000000000000000000040000000000000000000000000000000000000000000000000000000000000008000000000000000000000000000000000000000000000000000000000000000086569703135353a31000000000000000000000000000000000000000000000000000000000000000000000000000000000000000000000000000000000000000100000000000000000000000000000000000000000000000000000000000000200000000000000000000000000000000000000000000000000000000000000040000000000000000000000000000000000000000000000000000000000000000000000000000000000000000000000000000000000000000000000000000000043078413300000000000000000000000000000000000000000000000000000000';

        // Add accounts to eip155:42161 chain: 0xC3
        calldatas[4] = hex'46c2b73400000000000000000000000000000000000000000000000000000000000000400000000000000000000000000000000000000000000000000000000000000080000000000000000000000000000000000000000000000000000000000000000c6569703135353a34323136310000000000000000000000000000000000000000000000000000000000000000000000000000000000000000000000000000000100000000000000000000000000000000000000000000000000000000000000200000000000000000000000000000000000000000000000000000000000000040000000000000000000000000000000000000000000000000000000000000000200000000000000000000000000000000000000000000000000000000000000043078433300000000000000000000000000000000000000000000000000000000';

        _updateSafeHarbor(calldatas);"
`;

exports[`inspectPayload E2E Tests > Complex mixed scenarios > should preserve childContractScope values correctly in complex scenarios 1`] = `
"
        // ---------- Bug Bounty Updates ----------
        bytes[] memory calldatas = new bytes[](4);

        // Remove chains: eip155:100, eip155:42161
        calldatas[0] = hex'1e12ef290000000000000000000000000000000000000000000000000000000000000020000000000000000000000000000000000000000000000000000000000000000200000000000000000000000000000000000000000000000000000000000000400000000000000000000000000000000000000000000000000000000000000080000000000000000000000000000000000000000000000000000000000000000a6569703135353a31303000000000000000000000000000000000000000000000000000000000000000000000000000000000000000000000000000000000000c6569703135353a34323136310000000000000000000000000000000000000000';

        // Add new eip155:10 with recovery address 0xOPTIMISM_RECOVERY_ADDRESS and accounts: 0xFactory2, 0xNormal2, 0xNormal3
        calldatas[1] = hex'be4a94ba000000000000000000000000000000000000000000000000000000000000002000000000000000000000000000000000000000000000000000000000000000010000000000000000000000000000000000000000000000000000000000000020000000000000000000000000000000000000000000000000000000000000006000000000000000000000000000000000000000000000000000000000000000a000000000000000000000000000000000000000000000000000000000000002a0000000000000000000000000000000000000000000000000000000000000001b30784f5054494d49534d5f5245434f564552595f4144445245535300000000000000000000000000000000000000000000000000000000000000000000000003000000000000000000000000000000000000000000000000000000000000006000000000000000000000000000000000000000000000000000000000000000e0000000000000000000000000000000000000000000000000000000000000016000000000000000000000000000000000000000000000000000000000000000400000000000000000000000000000000000000000000000000000000000000002000000000000000000000000000000000000000000000000000000000000000a3078466163746f7279320000000000000000000000000000000000000000000000000000000000000000000000000000000000000000000000000000000000400000000000000000000000000000000000000000000000000000000000000000000000000000000000000000000000000000000000000000000000000000000930784e6f726d616c32000000000000000000000000000000000000000000000000000000000000000000000000000000000000000000000000000000000000400000000000000000000000000000000000000000000000000000000000000000000000000000000000000000000000000000000000000000000000000000000930784e6f726d616c33000000000000000000000000000000000000000000000000000000000000000000000000000000000000000000000000000000000000096569703135353a31300000000000000000000000000000000000000000000000';

        // Remove accounts from eip155:1 chain: 0xA1, 0xA2
        calldatas[2] = hex'3aa3f6750000000000000000000000000000000000000000000000000000000000000040000000000000000000000000000000000000000000000000000000000000008000000000000000000000000000000000000000000000000000000000000000086569703135353a310000000000000000000000000000000000000000000000000000000000000000000000000000000000000000000000000000000000000002000000000000000000000000000000000000000000000000000000000000004000000000000000000000000000000000000000000000000000000000000000800000000000000000000000000000000000000000000000000000000000000004307841310000000000000000000000000000000000000000000000000000000000000000000000000000000000000000000000000000000000000000000000043078413200000000000000000000000000000000000000000000000000000000';

        // Add accounts to eip155:1 chain: 0xFactory1, 0xNormal1
        calldatas[3] = hex'46c2b7340000000000000000000000000000000000000000000000000000000000000040000000000000000000000000000000000000000000000000000000000000008000000000000000000000000000000000000000000000000000000000000000086569703135353a310000000000000000000000000000000000000000000000000000000000000000000000000000000000000000000000000000000000000002000000000000000000000000000000000000000000000000000000000000004000000000000000000000000000000000000000000000000000000000000000c000000000000000000000000000000000000000000000000000000000000000400000000000000000000000000000000000000000000000000000000000000002000000000000000000000000000000000000000000000000000000000000000a3078466163746f7279310000000000000000000000000000000000000000000000000000000000000000000000000000000000000000000000000000000000400000000000000000000000000000000000000000000000000000000000000000000000000000000000000000000000000000000000000000000000000000000930784e6f726d616c310000000000000000000000000000000000000000000000';

        _updateSafeHarbor(calldatas);"
`;

exports[`inspectPayload E2E Tests > Edge cases > shoud handle account scope changes 1`] = `
"
        // ---------- Bug Bounty Updates ----------
        bytes[] memory calldatas = new bytes[](2);

        // Remove accounts from eip155:1 chain: 0xA1
        calldatas[0] = hex'3aa3f6750000000000000000000000000000000000000000000000000000000000000040000000000000000000000000000000000000000000000000000000000000008000000000000000000000000000000000000000000000000000000000000000086569703135353a310000000000000000000000000000000000000000000000000000000000000000000000000000000000000000000000000000000000000001000000000000000000000000000000000000000000000000000000000000002000000000000000000000000000000000000000000000000000000000000000043078413100000000000000000000000000000000000000000000000000000000';

        // Add accounts to eip155:1 chain: 0xA1
        calldatas[1] = hex'46c2b7340000000000000000000000000000000000000000000000000000000000000040000000000000000000000000000000000000000000000000000000000000008000000000000000000000000000000000000000000000000000000000000000086569703135353a31000000000000000000000000000000000000000000000000000000000000000000000000000000000000000000000000000000000000000100000000000000000000000000000000000000000000000000000000000000200000000000000000000000000000000000000000000000000000000000000040000000000000000000000000000000000000000000000000000000000000000200000000000000000000000000000000000000000000000000000000000000043078413100000000000000000000000000000000000000000000000000000000';

        _updateSafeHarbor(calldatas);"
`;

exports[`inspectPayload E2E Tests > Edge cases > should handle completely empty CSV state 1`] = `
"
        // ---------- Bug Bounty Updates ----------
        bytes[] memory calldatas = new bytes[](1);

        // Remove chains: eip155:1, eip155:100, eip155:42161
        calldatas[0] = hex'1e12ef2900000000000000000000000000000000000000000000000000000000000000200000000000000000000000000000000000000000000000000000000000000003000000000000000000000000000000000000000000000000000000000000006000000000000000000000000000000000000000000000000000000000000000a000000000000000000000000000000000000000000000000000000000000000e000000000000000000000000000000000000000000000000000000000000000086569703135353a31000000000000000000000000000000000000000000000000000000000000000000000000000000000000000000000000000000000000000a6569703135353a31303000000000000000000000000000000000000000000000000000000000000000000000000000000000000000000000000000000000000c6569703135353a34323136310000000000000000000000000000000000000000';

        _updateSafeHarbor(calldatas);"
`;

exports[`inspectPayload E2E Tests > Edge cases > should handle completely empty onchain state 1`] = `
"
        // ---------- Bug Bounty Updates ----------
        bytes[] memory calldatas = new bytes[](1);

        // Add new eip155:1 with recovery address 0xETHEREUM_RECOVERY_ADDRESS and accounts: 0xA1
        calldatas[0] = hex'be4a94ba000000000000000000000000000000000000000000000000000000000000002000000000000000000000000000000000000000000000000000000000000000010000000000000000000000000000000000000000000000000000000000000020000000000000000000000000000000000000000000000000000000000000006000000000000000000000000000000000000000000000000000000000000000a00000000000000000000000000000000000000000000000000000000000000160000000000000000000000000000000000000000000000000000000000000001b3078455448455245554d5f5245434f564552595f41444452455353000000000000000000000000000000000000000000000000000000000000000000000000010000000000000000000000000000000000000000000000000000000000000020000000000000000000000000000000000000000000000000000000000000004000000000000000000000000000000000000000000000000000000000000000000000000000000000000000000000000000000000000000000000000000000004307841310000000000000000000000000000000000000000000000000000000000000000000000000000000000000000000000000000000000000000000000086569703135353a31000000000000000000000000000000000000000000000000';

        _updateSafeHarbor(calldatas);"
`;
